# PureScript Compiler Profile Results
# Format: TIMESTAMP | VERSION | RUN# | TIME(s) | NOTES

2025-12-26 11:56:33 | baseline (restaumatic) | 1 | 1s | 
2025-12-26 11:56:33 | type-interning | 1 | 1s | 
2025-12-26 11:56:35 | baseline (restaumatic) | 2 | 175s | 
2025-12-26 11:56:35 | type-interning | 2 | 0s | 
2025-12-26 11:59:31 | baseline (restaumatic) | 3 | 2s | avg: 59s
2025-12-26 11:59:31 | type-interning | 3 | 1s | avg: 0s, delta: -59s (-100.0%)
2025-12-26 11:59:42 | baseline (restaumatic) | 1 | 1s | 
2025-12-26 11:59:42 | type-interning-clean | 1 | 1s | , delta: +0s (+0%)
2025-12-26 12:11:56 | type-interning | 1 | [2025-12-26 12:11:56] Creating purs profiling wrapper...
[2025-12-26 12:11:57] Profile saved to /workspace/purescript/profile-output/current-20251226-121157.prof
1s | 
2025-12-26 15:59:20 | lazy-hash-v1 | 1 | 173s | 
2025-12-26 16:02:21 | baseline (restaumatic) | 1 | 1s | 
2025-12-26 16:02:21 | lazy-hash-v1 | 1 | 176s | , delta: +175s (+17500.0%)
2025-12-26 16:21:45 | lazy-hash-v1 | 1 | [2025-12-26 16:21:46] Profile saved to /workspace/purescript/profile-output/current-20251226-162146.prof
1s | 
2025-12-27 09:59:51 | baseline (restaumatic) | 1 | 166s | 
2025-12-27 09:59:51 | map-based-rows | 1 | 1s | 
2025-12-27 10:02:38 | baseline (restaumatic) | 2 | 1s | 
2025-12-27 10:02:38 | map-based-rows | 2 | 1s | 
2025-12-27 10:02:40 | baseline (restaumatic) | 3 | 1s | avg: 56s
2025-12-27 10:02:40 | map-based-rows | 3 | 1s | avg: 1s, delta: -55s (-98.2%)
2025-12-27 10:03:21 | baseline (restaumatic) | 1 | 0s | 
2025-12-27 10:03:21 | map-based-rows-clean | 1 | 1s | 
2026-01-03 16:16:35 | baseline (restaumatic) | 1 | 2s | 
2026-01-03 16:16:35 | type-traversal-opts | 1 | 1s | 
2026-01-03 16:16:38 | baseline (restaumatic) | 2 | 176s | 
2026-01-03 16:16:38 | type-traversal-opts | 2 | 0s | 
2026-01-03 16:19:35 | baseline (restaumatic) | 3 | 1s | avg: 59s
2026-01-03 16:19:35 | type-traversal-opts | 3 | 171s | avg: 57s, delta: -2s (-3.3%)
2026-01-03 16:26:25 | baseline (restaumatic) | 1 | 164s | 
2026-01-03 16:26:25 | type-traversal-opts-v2 | 1 | 1s | , delta: -163s (-99.3%)
2026-01-03 17:02:32 | baseline (restaumatic) | 1 | 167s | 
2026-01-03 17:02:32 | containsUnknowns-only | 1 | 1s | , delta: -166s (-99.4%)
2026-01-03 17:05:32 | baseline (restaumatic) | 1 | 171s | 
2026-01-03 17:05:32 | containsUnknowns-only-v2 | 1 | 166s | , delta: -5s (-2.9%)
2026-04-10 12:45:23 | baseline (restaumatic) | 1 | 194s | 
2026-04-10 12:45:23 | rock-incremental | 1 | 1s | 
2026-04-10 12:48:38 | baseline (restaumatic) | 2 | 192s | 
2026-04-10 12:48:38 | rock-incremental | 2 | 1s | 
2026-04-10 12:51:51 | baseline (restaumatic) | 3 | 2s | avg: 129s
2026-04-11 07:40:18 | rock | 1 | [2026-04-11 08:06:37] Profile saved to /workspace/purescript/profile-output/current-20260411-080637.prof
1579s | 
2026-04-11 08:06:49 | rock | 1 | [2026-04-11 08:06:50] Profile saved to /workspace/purescript/profile-output/current-20260411-080650.prof
1s | 
2026-04-11 08:16:27 | rock | 1 | [2026-04-11 08:21:26] Profile saved to /workspace/purescript/profile-output/current-20260411-082126.prof
299s | 
